Copyright 1986-2022 Xilinx, Inc. All Rights Reserved.
---------------------------------------------------------------------------------------
| Tool Version : Vivado v.2022.1 (win64) Build 3526262 Mon Apr 18 15:48:16 MDT 2022
| Date         : Thu Dec  1 21:51:37 2022
| Host         : Jusen running 64-bit major release  (build 9200)
| Command      : report_control_sets -verbose -file mainDesign_control_sets_placed.rpt
| Design       : mainDesign
| Device       : xc7a100t
---------------------------------------------------------------------------------------

Control Set Information

Table of Contents
-----------------
1. Summary
2. Histogram
3. Flip-Flop Distribution
4. Detailed Control Set Information

1. Summary
----------

+----------------------------------------------------------+-------+
|                          Status                          | Count |
+----------------------------------------------------------+-------+
| Total control sets                                       |    76 |
|    Minimum number of control sets                        |    76 |
|    Addition due to synthesis replication                 |     0 |
|    Addition due to physical synthesis replication        |     0 |
| Unused register locations in slices containing registers |   257 |
+----------------------------------------------------------+-------+
* Control sets can be merged at opt_design using control_set_merge or merge_equivalent_drivers
** Run report_qor_suggestions for automated merging and remapping suggestions


2. Histogram
------------

+--------------------+-------+
|       Fanout       | Count |
+--------------------+-------+
| Total control sets |    76 |
| >= 0 to < 4        |    28 |
| >= 4 to < 6        |     5 |
| >= 6 to < 8        |    34 |
| >= 8 to < 10       |     0 |
| >= 10 to < 12      |     2 |
| >= 12 to < 14      |     1 |
| >= 14 to < 16      |     0 |
| >= 16              |     6 |
+--------------------+-------+
* Control sets can be remapped at either synth_design or opt_design


3. Flip-Flop Distribution
-------------------------

+--------------+-----------------------+------------------------+-----------------+--------------+
| Clock Enable | Synchronous Set/Reset | Asynchronous Set/Reset | Total Registers | Total Slices |
+--------------+-----------------------+------------------------+-----------------+--------------+
| No           | No                    | No                     |              23 |           11 |
| No           | No                    | Yes                    |              47 |           21 |
| No           | Yes                   | No                     |             112 |           32 |
| Yes          | No                    | No                     |             239 |           72 |
| Yes          | No                    | Yes                    |               5 |            5 |
| Yes          | Yes                   | No                     |              29 |           10 |
+--------------+-----------------------+------------------------+-----------------+--------------+


4. Detailed Control Set Information
-----------------------------------

+--------------------------+-------------------------------------------+-------------------------------+------------------+----------------+--------------+
|       Clock Signal       |               Enable Signal               |        Set/Reset Signal       | Slice Load Count | Bel Load Count | Bels / Slice |
+--------------------------+-------------------------------------------+-------------------------------+------------------+----------------+--------------+
|  key_clk_BUFG            | mykeyboard/mykey/p_0_in[2]                |                               |                1 |              1 |         1.00 |
|  key_clk_BUFG            |                                           | tail_reg[4]_LDC_i_2_n_0       |                1 |              1 |         1.00 |
|  key_clk_BUFG            |                                           | tail_reg[1]_LDC_i_2_n_0       |                1 |              1 |         1.00 |
|  key_clk_BUFG            |                                           | tail_reg[2]_LDC_i_2_n_0       |                1 |              1 |         1.00 |
|  key_clk_BUFG            |                                           | tail_reg[0]_LDC_i_2_n_0       |                1 |              1 |         1.00 |
|  key_clk_BUFG            |                                           | tail_reg[3]_LDC_i_2_n_0       |                1 |              1 |         1.00 |
|  tail_reg[1]_LDC_i_1_n_0 |                                           | tail_reg[1]_LDC_i_2_n_0       |                1 |              1 |         1.00 |
|  tail_reg[0]_LDC_i_1_n_0 |                                           | tail_reg[0]_LDC_i_2_n_0       |                1 |              1 |         1.00 |
|  tail_reg[4]_LDC_i_1_n_0 |                                           | tail_reg[4]_LDC_i_2_n_0       |                1 |              1 |         1.00 |
| ~myvgaclk/inst/clk_out1  |                                           |                               |                1 |              1 |         1.00 |
|  key_clk_BUFG            | mykeyboard/mykey/p_0_in[8]                |                               |                1 |              1 |         1.00 |
|  key_clk_BUFG            | mykeyboard/mykey/p_0_in[4]                |                               |                1 |              1 |         1.00 |
|  key_clk_BUFG            | mykeyboard/mykey/p_0_in[7]                |                               |                1 |              1 |         1.00 |
|  key_clk_BUFG            | mykeyboard/mykey/p_0_in[1]                |                               |                1 |              1 |         1.00 |
|  key_clk_BUFG            | mykeyboard/mykey/p_0_in[5]                |                               |                1 |              1 |         1.00 |
|  key_clk_BUFG            | mykeyboard/mykey/p_0_in[6]                |                               |                1 |              1 |         1.00 |
|  key_clk_BUFG            | mykeyboard/mykey/p_0_in[3]                |                               |                1 |              1 |         1.00 |
|  key_clk_BUFG            | mykeyboard/mykey/p_0_in[9]                |                               |                1 |              1 |         1.00 |
|  tail_reg[3]_LDC_i_1_n_0 |                                           | tail_reg[3]_LDC_i_2_n_0       |                1 |              1 |         1.00 |
|  key_clk_BUFG            | mykeyboard/mykey/p_0_in[0]                |                               |                1 |              1 |         1.00 |
|  key_clk_BUFG            | mykeyboard/p_1_in                         | tail_reg[3]_LDC_i_1_n_0       |                1 |              1 |         1.00 |
|  key_clk_BUFG            | mykeyboard/p_1_in                         | tail_reg[2]_LDC_i_1_n_0       |                1 |              1 |         1.00 |
|  key_clk_BUFG            | mykeyboard/p_1_in                         | tail_reg[1]_LDC_i_1_n_0       |                1 |              1 |         1.00 |
|  key_clk_BUFG            | mykeyboard/p_1_in                         | tail_reg[0]_LDC_i_1_n_0       |                1 |              1 |         1.00 |
|  key_clk_BUFG            | mykeyboard/p_1_in                         | tail_reg[4]_LDC_i_1_n_0       |                1 |              1 |         1.00 |
|  tail_reg[2]_LDC_i_1_n_0 |                                           | tail_reg[2]_LDC_i_2_n_0       |                1 |              1 |         1.00 |
|  DISPLAY_CLK/CLK         |                                           |                               |                1 |              3 |         3.00 |
|  CLK100MHZ_IBUF_BUFG     |                                           |                               |                3 |              3 |         1.00 |
|  key_clk_BUFG            | mykeyboard/mykey/count[3]_i_1_n_0         | reset_IBUF                    |                1 |              4 |         4.00 |
|  key_clk_BUFG            | mykeyboard/mykey/ready_reg_0              | mykeyboard/mykey/change_reg   |                2 |              4 |         2.00 |
|  key_clk_BUFG            | mykeyboard/mykey/ready_reg_0              | mykeyboard/mykey/rel_reg_3    |                1 |              4 |         4.00 |
|  myvgaclk/inst/clk_out1  |                                           | m3/clear                      |                1 |              4 |         4.00 |
|  CLK_25MHZ_BUFG          | instructions/E[0]                         |                               |                1 |              5 |         5.00 |
|  key_clk_BUFG            | mykeyboard/tail_reg[1]_C_15[0]            |                               |                2 |              7 |         3.50 |
|  key_clk_BUFG            | mykeyboard/tail_reg[1]_C_17[0]            |                               |                3 |              7 |         2.33 |
|  key_clk_BUFG            | mykeyboard/tail_reg[0]_C[0]               |                               |                3 |              7 |         2.33 |
|  key_clk_BUFG            | mykeyboard/tail_reg[1]_C_16[0]            |                               |                3 |              7 |         2.33 |
|  key_clk_BUFG            | mykeyboard/tail_reg[1]_C_18[0]            |                               |                1 |              7 |         7.00 |
|  key_clk_BUFG            | mykeyboard/tail_reg[1]_C_19[0]            |                               |                1 |              7 |         7.00 |
|  key_clk_BUFG            | mykeyboard/tail_reg[1]_C_2[0]             |                               |                1 |              7 |         7.00 |
|  key_clk_BUFG            | mykeyboard/tail_reg[1]_C_20[0]            |                               |                2 |              7 |         3.50 |
|  key_clk_BUFG            | mykeyboard/tail_reg[1]_C_21[0]            |                               |                2 |              7 |         3.50 |
|  key_clk_BUFG            | mykeyboard/tail_reg[1]_C_22[0]            |                               |                2 |              7 |         3.50 |
|  key_clk_BUFG            | mykeyboard/tail_reg[1]_C_11[0]            |                               |                2 |              7 |         3.50 |
|  key_clk_BUFG            | mykeyboard/tail_reg[1]_C_23[0]            |                               |                2 |              7 |         3.50 |
|  key_clk_BUFG            | mykeyboard/tail_reg[1]_C_3[0]             |                               |                2 |              7 |         3.50 |
|  key_clk_BUFG            | mykeyboard/tail_reg[1]_C_1[0]             |                               |                1 |              7 |         7.00 |
|  key_clk_BUFG            | mykeyboard/tail_reg[1]_C_4[0]             |                               |                2 |              7 |         3.50 |
|  key_clk_BUFG            | mykeyboard/tail_reg[1]_P_0[0]             |                               |                1 |              7 |         7.00 |
|  key_clk_BUFG            | mykeyboard/tail_reg[1]_P[0]               |                               |                3 |              7 |         2.33 |
|  key_clk_BUFG            | mykeyboard/tail_reg[1]_C_9[0]             |                               |                1 |              7 |         7.00 |
|  key_clk_BUFG            | mykeyboard/tail_reg[1]_C_5[0]             |                               |                2 |              7 |         3.50 |
|  key_clk_BUFG            | mykeyboard/tail_reg[1]_P_1[0]             |                               |                4 |              7 |         1.75 |
|  key_clk_BUFG            | mykeyboard/tail_reg[1]_C_8[0]             |                               |                2 |              7 |         3.50 |
|  key_clk_BUFG            | mykeyboard/tail_reg[1]_C_7[0]             |                               |                2 |              7 |         3.50 |
|  key_clk_BUFG            | mykeyboard/tail_reg[1]_C_6[0]             |                               |                1 |              7 |         7.00 |
|  key_clk_BUFG            | mykeyboard/tail_reg[4]_C[0]               |                               |                4 |              7 |         1.75 |
|  key_clk_BUFG            | mykeyboard/E[0]                           |                               |                1 |              7 |         7.00 |
|  key_clk_BUFG            | mykeyboard/tail_reg[0]_C_0[0]             |                               |                1 |              7 |         7.00 |
|  key_clk_BUFG            | mykeyboard/tail_reg[1]_C[0]               |                               |                2 |              7 |         3.50 |
|  key_clk_BUFG            | mykeyboard/tail_reg[1]_C_0[0]             |                               |                2 |              7 |         3.50 |
|  key_clk_BUFG            | mykeyboard/tail_reg[1]_C_10[0]            |                               |                1 |              7 |         7.00 |
|  key_clk_BUFG            | mykeyboard/tail_reg[1]_C_12[0]            |                               |                1 |              7 |         7.00 |
|  CLK_25MHZ_BUFG          |                                           | instructions/SR[0]            |                2 |              7 |         3.50 |
|  key_clk_BUFG            | mykeyboard/tail_reg[1]_C_13[0]            |                               |                1 |              7 |         7.00 |
|  key_clk_BUFG            | mykeyboard/tail_reg[1]_C_14[0]            |                               |                3 |              7 |         2.33 |
|  myvgaclk/inst/clk_out1  | m3/sel                                    | m3/clear                      |                2 |              7 |         3.50 |
|  myvgaclk/inst/clk_out1  |                                           | reset_IBUF                    |                5 |             10 |         2.00 |
|  myvgaclk/inst/clk_out1  | m3/y_cnt                                  | m3/y_cnt[9]_i_1_n_0           |                4 |             10 |         2.50 |
|  key_clk_BUFG            | mykeyboard/mykey/fifo_reg_0_7_0_5_i_1_n_0 |                               |                2 |             12 |         6.00 |
|  key_clk_BUFG            |                                           |                               |                6 |             16 |         2.67 |
|  CLK100MHZ_IBUF_BUFG     |                                           | CLK/clkcount[0]_i_1__0_n_0    |                8 |             32 |         4.00 |
| ~CLK_25MHZ_BUFG          |                                           | reset_IBUF                    |               11 |             32 |         2.91 |
|  CLK100MHZ_IBUF_BUFG     |                                           | KEYCLK/clkcount[0]_i_1__1_n_0 |                8 |             32 |         4.00 |
|  CLK100MHZ_IBUF_BUFG     |                                           | DISPLAY_CLK/clear             |                8 |             32 |         4.00 |
| ~CLK_25MHZ_BUFG          | instructions/RegWr                        |                               |               11 |             88 |         8.00 |
+--------------------------+-------------------------------------------+-------------------------------+------------------+----------------+--------------+


